#0 building with "default" instance using docker driver

#1 [internal] load build definition from Dockerfile
#1 transferring dockerfile: 557B done
#1 DONE 0.0s

#2 [internal] load metadata for docker.io/library/glm53-kraken-tp3:20260925
#2 DONE 0.0s

#3 [internal] load .dockerignore
#3 transferring context: 2B done
#3 DONE 0.0s

#4 [internal] load build context
#4 transferring context: 33.67kB done
#4 DONE 0.0s

#5 [1/6] FROM docker.io/library/glm53-kraken-tp3:20260925@sha256:b713ab3da82424fe53d5596fb7f7a9c2ab3683df4bd7946f926c9737b3850a50
#5 resolve docker.io/library/glm53-kraken-tp3:20260925@sha256:b713ab3da82424fe53d5596fb7f7a9c2ab3683df4bd7946f926c9737b3850a50 0.0s done
#5 CACHED

#6 [2/6] COPY src/ /opt/venv/lib/python3.12/site-packages/
#6 DONE 0.0s

#7 [3/6] COPY serve-glm53-flash-tp3-kraken.py /usr/local/bin/serve-glm53-flash-tp3-kraken.py
#7 DONE 0.0s

#8 [4/6] COPY support-receipt.json /opt/lil/glm53-20260927.json
#8 DONE 0.0s

#9 [5/6] COPY lil/cache.py /opt/lil/runtime/cache.py
#9 DONE 0.0s

#10 [6/6] COPY lil/image-contract.json /opt/lil/runtime/image-contract.json
#10 DONE 0.0s

#11 exporting to image
#11 exporting layers 0.1s done
#11 exporting manifest sha256:5e22780811ea671e13d31c31b5e4ec27b9ea480a902bc627f2a5ea0bba1ccc59 done
#11 exporting config sha256:a00e60429915effaf64ab3cda66e6fc38cb36933f7cd352b55f8ea1f604d2847 done
#11 exporting attestation manifest sha256:f2d0db51186bd1635c1a2c1f52ce426ab53eb92f2ae30b5e8063ee08f0416850 done
#11 exporting manifest list sha256:ab2ddaf9713740663422b5e0cecbda6ec4dee7c67708c09f9c3ccd71d28d8a16 done
#11 naming to docker.io/library/glm53-kraken-tp3:20260927 done
#11 unpacking to docker.io/library/glm53-kraken-tp3:20260927 0.1s done
#11 DONE 0.2s
