#0 building with "default" instance using docker driver

#1 [internal] load build definition from Dockerfile
#1 transferring dockerfile: 557B done
#1 DONE 0.0s

#2 [internal] load metadata for docker.io/library/glm53-kraken-tp3:20260925
#2 DONE 0.0s

#3 [internal] load .dockerignore
#3 transferring context: 2B done
#3 DONE 0.0s

#4 [internal] load build context
#4 transferring context: 14.94kB done
#4 DONE 0.0s

#5 [1/6] FROM docker.io/library/glm53-kraken-tp3:20260925@sha256:b713ab3da82424fe53d5596fb7f7a9c2ab3683df4bd7946f926c9737b3850a50
#5 resolve docker.io/library/glm53-kraken-tp3:20260925@sha256:b713ab3da82424fe53d5596fb7f7a9c2ab3683df4bd7946f926c9737b3850a50 0.0s done
#5 DONE 0.0s

#6 [2/6] COPY src/ /opt/venv/lib/python3.12/site-packages/
#6 CACHED

#7 [3/6] COPY serve-glm53-flash-tp3-kraken.py /usr/local/bin/serve-glm53-flash-tp3-kraken.py
#7 DONE 0.0s

#8 [4/6] COPY support-receipt.json /opt/lil/glm53-20260927.json
#8 DONE 0.0s

#9 [5/6] COPY lil/cache.py /opt/lil/runtime/cache.py
#9 DONE 0.0s

#10 [6/6] COPY lil/image-contract.json /opt/lil/runtime/image-contract.json
#10 DONE 0.0s

#11 exporting to image
#11 exporting layers 0.1s done
#11 exporting manifest sha256:fb48af7f5371fce0b32d65154656e8fb1cdb72d03579a6e81fc8896d00d22afc done
#11 exporting config sha256:cff7535308418092cfa59fec19db951175a76bd5d658f71af02a6f4cf154bca1 done
#11 exporting attestation manifest sha256:5782563a0813a66c5e76306822c569b2c38a299b18073002d78d17edfb5ad931 done
#11 exporting manifest list sha256:697f27872d5652442904d944eec2aacc46a7b7c516a413d81df7ba6ded89c13f done
#11 naming to docker.io/library/glm53-kraken-tp3:20260927 done
#11 unpacking to docker.io/library/glm53-kraken-tp3:20260927 0.0s done
#11 DONE 0.2s
