#0 building with "default" instance using docker driver

#1 [internal] load build definition from Dockerfile
#1 transferring dockerfile: 848B done
#1 DONE 0.0s

#2 [internal] load metadata for docker.io/library/glm53-kraken-tp3:20260925
#2 DONE 0.0s

#3 [internal] load .dockerignore
#3 transferring context: 2B done
#3 DONE 0.0s

#4 [1/8] FROM docker.io/library/glm53-kraken-tp3:20260925@sha256:b713ab3da82424fe53d5596fb7f7a9c2ab3683df4bd7946f926c9737b3850a50
#4 resolve docker.io/library/glm53-kraken-tp3:20260925@sha256:b713ab3da82424fe53d5596fb7f7a9c2ab3683df4bd7946f926c9737b3850a50 0.0s done
#4 DONE 0.0s

#5 [internal] load build context
#5 transferring context: 19.82kB done
#5 DONE 0.0s

#6 [2/8] COPY src/ /opt/venv/lib/python3.12/site-packages/
#6 CACHED

#7 [3/8] COPY serve-glm53-flash-tp3-kraken.py /usr/local/bin/serve-glm53-flash-tp3-kraken.py
#7 DONE 0.0s

#8 [4/8] COPY support-receipt.json /opt/lil/glm53-20260927.json
#8 DONE 0.0s

#9 [5/8] COPY lil/cache.py /opt/lil/runtime/cache.py
#9 DONE 0.0s

#10 [6/8] COPY lil/image-contract.json /opt/lil/runtime/image-contract.json
#10 DONE 0.0s

#11 [7/8] COPY install_lil_bench.py lil-bench.lock.json /tmp/lil-bench/
#11 DONE 0.0s

#12 [8/8] RUN /opt/venv/bin/python /tmp/lil-bench/install_lil_bench.py --lock /tmp/lil-bench/lil-bench.lock.json && rm -rf /tmp/lil-bench
#12 0.932 make: Entering directory '/opt/lil/bench/tools/p2pmark'
#12 0.932 /usr/local/cuda/bin/nvcc -O2 -std=c++20 -gencode arch=compute_100,code=sm_100 -gencode arch=compute_120,code=sm_120 -gencode arch=compute_121,code=sm_121 -gencode arch=compute_120,code=compute_120 -o llm_p2pmark llm_p2pmark.cu -lcudart -lnccl
#12 9.247 make: Leaving directory '/opt/lil/bench/tools/p2pmark'
#12 DONE 9.5s

#13 exporting to image
#13 exporting layers
#13 exporting layers 0.2s done
#13 exporting manifest sha256:e6e4e0d5ca2046b9893ecc15f05c3dc4beac64be1551546c4680c3609ba3c850 done
#13 exporting config sha256:d7e730bb7d92ecc42dd08a11484de7ec30adb87c13b972387f7355726eb56ce3 done
#13 exporting attestation manifest sha256:e206b901c81dbaaaffeada41d1c9ca2286646a6f3236a4651dc1b6bcbd88251d done
#13 exporting manifest list sha256:3d3e687359bc229e942cd6a39a7d4574fb6525d5d78695d5cdbe519e4be6943f done
#13 naming to docker.io/library/glm53-kraken-tp3:20260927 done
#13 unpacking to docker.io/library/glm53-kraken-tp3:20260927 0.1s done
#13 DONE 0.3s
