#0 building with "default" instance using docker driver

#1 [internal] load build definition from Dockerfile
#1 transferring dockerfile: 356B done
#1 DONE 0.0s

#2 [internal] load metadata for docker.io/library/glm53-kraken-tp3:20260925
#2 DONE 0.0s

#3 [internal] load .dockerignore
#3 transferring context: 2B done
#3 DONE 0.0s

#4 [internal] load build context
#4 transferring context: 31.99kB done
#4 DONE 0.0s

#5 [1/4] FROM docker.io/library/glm53-kraken-tp3:20260925@sha256:b713ab3da82424fe53d5596fb7f7a9c2ab3683df4bd7946f926c9737b3850a50
#5 resolve docker.io/library/glm53-kraken-tp3:20260925@sha256:b713ab3da82424fe53d5596fb7f7a9c2ab3683df4bd7946f926c9737b3850a50 0.0s done
#5 CACHED

#6 [2/4] COPY src/ /opt/venv/lib/python3.12/site-packages/
#6 DONE 0.0s

#7 [3/4] COPY serve-glm53-flash-tp3-kraken.py /usr/local/bin/serve-glm53-flash-tp3-kraken.py
#7 DONE 0.0s

#8 [4/4] COPY support-receipt.json /opt/lil/glm53-20260927.json
#8 DONE 0.0s

#9 exporting to image
#9 exporting layers 0.1s done
#9 exporting manifest sha256:c9cdce2053dc0e9bd79e1a6d4b86a91023738d5fb9bc9a8df04cd480bea4b8a3 done
#9 exporting config sha256:e50c77dbdc804f24b9b378208aaa7149c5fe6372c477cccb4e3bdec0003dd3a1 done
#9 exporting attestation manifest sha256:18216a3e4b54c477b577f23a6a51b745138b17354fd0a625c716ec5e351f2a02 done
#9 exporting manifest list sha256:7a380c432ca88067abe83a1d7bfed124febf77856b755f135fc44ceadf3ca73f done
#9 naming to docker.io/library/glm53-kraken-tp3:20260927 done
#9 unpacking to docker.io/library/glm53-kraken-tp3:20260927 0.0s done
#9 DONE 0.2s
